2025-08-17 14:42:07,990 - bqitech - INFO - Received GET /blog request
2025-08-17 14:42:07,993 - bqitech - INFO - Query parameters: skip=0, limit=9, category=None
2025-08-17 14:42:07,993 - bqitech - INFO - Request headers: {'host': 'localhost:9000', 'connection': 'keep-alive', 'sec-ch-ua-platform': '"Windows"', 'user-agent': 'Mozilla/5.0 (Windows NT 10.0; Win64; x64) AppleWebKit/537.36 (KHTML, like Gecko) Chrome/139.0.0.0 Safari/537.36', 'sec-ch-ua': '"Not;A=Brand";v="99", "Google Chrome";v="139", "Chromium";v="139"', 'sec-ch-ua-mobile': '?0', 'accept': '*/*', 'origin': 'http://localhost:3000', 'sec-fetch-site': 'same-site', 'sec-fetch-mode': 'cors', 'sec-fetch-dest': 'empty', 'referer': 'http://localhost:3000/', 'accept-encoding': 'gzip, deflate, br, zstd', 'accept-language': 'en-US,en;q=0.9'}
2025-08-17 14:42:07,996 - bqitech - INFO - MongoDB query: {'$or': [{'isPublished': True}, {'published': True}]}
2025-08-17 14:42:08,391 - bqitech - INFO - Found 2 posts out of 2 total
2025-08-17 14:42:08,393 - bqitech - INFO - Successfully prepared response
2025-08-17 14:42:12,667 - bqitech - INFO - Received GET /blog request
2025-08-17 14:42:12,668 - bqitech - INFO - Query parameters: skip=0, limit=9, category=None
2025-08-17 14:42:12,669 - bqitech - INFO - Request headers: {'host': 'localhost:9000', 'connection': 'keep-alive', 'sec-ch-ua-platform': '"Windows"', 'user-agent': 'Mozilla/5.0 (Windows NT 10.0; Win64; x64) AppleWebKit/537.36 (KHTML, like Gecko) Chrome/139.0.0.0 Safari/537.36', 'sec-ch-ua': '"Not;A=Brand";v="99", "Google Chrome";v="139", "Chromium";v="139"', 'sec-ch-ua-mobile': '?0', 'accept': '*/*', 'origin': 'http://localhost:3000', 'sec-fetch-site': 'same-site', 'sec-fetch-mode': 'cors', 'sec-fetch-dest': 'empty', 'referer': 'http://localhost:3000/', 'accept-encoding': 'gzip, deflate, br, zstd', 'accept-language': 'en-US,en;q=0.9'}
2025-08-17 14:42:12,670 - bqitech - INFO - MongoDB query: {'$or': [{'isPublished': True}, {'published': True}]}
2025-08-17 14:42:13,031 - bqitech - INFO - Found 2 posts out of 2 total
2025-08-17 14:42:13,033 - bqitech - INFO - Successfully prepared response
2025-08-17 14:42:14,462 - bqitech - INFO - Received GET /blog/by-slug/a-guide-to-enterprise-it-consulting request
2025-08-17 14:42:14,462 - bqitech - INFO - Searching for blog post with slug: a-guide-to-enterprise-it-consulting
2025-08-17 14:42:14,594 - bqitech - INFO - Query result: Not Found
2025-08-17 14:42:14,594 - bqitech - ERROR - Blog post not found with slug: a-guide-to-enterprise-it-consulting
2025-08-17 14:42:19,647 - bqitech - INFO - Received GET /blog/by-slug/a-guide-to-enterprise-it-consulting request
2025-08-17 14:42:19,648 - bqitech - INFO - Searching for blog post with slug: a-guide-to-enterprise-it-consulting
2025-08-17 14:42:19,942 - bqitech - INFO - Query result: Not Found
2025-08-17 14:42:19,943 - bqitech - ERROR - Blog post not found with slug: a-guide-to-enterprise-it-consulting
2025-08-17 14:42:35,821 - bqitech - INFO - Received GET /blog/by-slug/a-guide-to-enterprise-it-consulting request
2025-08-17 14:42:35,821 - bqitech - INFO - Searching for blog post with slug: a-guide-to-enterprise-it-consulting
2025-08-17 14:42:35,942 - bqitech - INFO - Query result: Not Found
2025-08-17 14:42:35,944 - bqitech - ERROR - Blog post not found with slug: a-guide-to-enterprise-it-consulting
2025-08-17 14:43:37,031 - bqitech - INFO - Received GET /blog/by-slug/a-guide-to-enterprise-it-consulting request
2025-08-17 14:43:37,031 - bqitech - INFO - Searching for blog post with slug: a-guide-to-enterprise-it-consulting
2025-08-17 14:43:37,158 - bqitech - INFO - Query result: Not Found
2025-08-17 14:43:37,159 - bqitech - ERROR - Blog post not found with slug: a-guide-to-enterprise-it-consulting
2025-08-17 14:43:47,525 - bqitech - INFO - Received GET /blog/by-slug/a-guide-to-enterprise-it-consulting request
2025-08-17 14:43:47,525 - bqitech - INFO - Searching for blog post with slug: a-guide-to-enterprise-it-consulting
2025-08-17 14:43:47,658 - bqitech - INFO - Query result: Not Found
2025-08-17 14:43:47,659 - bqitech - ERROR - Blog post not found with slug: a-guide-to-enterprise-it-consulting
2025-08-17 14:44:29,374 - bqitech - INFO - Received GET /blog/by-slug/a-guide-to-enterprise-it-consulting request
2025-08-17 14:44:29,375 - bqitech - INFO - Searching for blog post with slug: a-guide-to-enterprise-it-consulting
2025-08-17 14:44:29,499 - bqitech - INFO - Query result: Not Found
2025-08-17 14:44:29,499 - bqitech - ERROR - Blog post not found with slug: a-guide-to-enterprise-it-consulting
2025-08-17 14:44:35,511 - bqitech - INFO - Received GET /blog/by-slug/a-guide-to-enterprise-it-consulting request
2025-08-17 14:44:35,511 - bqitech - INFO - Searching for blog post with slug: a-guide-to-enterprise-it-consulting
2025-08-17 14:44:35,897 - bqitech - INFO - Query result: Not Found
2025-08-17 14:44:35,898 - bqitech - ERROR - Blog post not found with slug: a-guide-to-enterprise-it-consulting
2025-08-17 14:49:27,096 - bqitech - INFO - Received GET /blog/by-slug/a-guide-to-enterprise-it-consulting request
2025-08-17 14:49:27,097 - bqitech - INFO - Searching for blog post with slug: a-guide-to-enterprise-it-consulting
2025-08-17 14:49:27,353 - bqitech - INFO - Query result: Not Found
2025-08-17 14:49:27,355 - bqitech - ERROR - Blog post not found with slug: a-guide-to-enterprise-it-consulting
2025-08-17 14:49:37,372 - bqitech - INFO - Received GET /blog/by-slug/a-guide-to-enterprise-it-consulting request
2025-08-17 14:49:37,373 - bqitech - INFO - Searching for blog post with slug: a-guide-to-enterprise-it-consulting
2025-08-17 14:49:37,487 - bqitech - INFO - Query result: Not Found
2025-08-17 14:49:37,488 - bqitech - ERROR - Blog post not found with slug: a-guide-to-enterprise-it-consulting
2025-08-17 14:49:57,813 - bqitech - INFO - Received GET /blog/by-slug/a-guide-to-enterprise-it-consulting request
2025-08-17 14:49:57,813 - bqitech - INFO - Searching for blog post with slug: a-guide-to-enterprise-it-consulting
2025-08-17 14:49:57,926 - bqitech - INFO - Query result: Not Found
2025-08-17 14:49:57,928 - bqitech - ERROR - Blog post not found with slug: a-guide-to-enterprise-it-consulting
2025-08-17 14:50:38,519 - bqitech - INFO - Received GET /blog/by-slug/a-guide-to-enterprise-it-consulting request
2025-08-17 14:50:38,520 - bqitech - INFO - Searching for blog post with slug: a-guide-to-enterprise-it-consulting
2025-08-17 14:50:38,635 - bqitech - INFO - Query result: Not Found
2025-08-17 14:50:38,636 - bqitech - ERROR - Blog post not found with slug: a-guide-to-enterprise-it-consulting
2025-08-17 14:50:59,652 - bqitech - INFO - Received GET /blog/by-slug/a-guide-to-enterprise-it-consulting request
2025-08-17 14:50:59,653 - bqitech - INFO - Searching for blog post with slug: a-guide-to-enterprise-it-consulting
2025-08-17 14:50:59,769 - bqitech - INFO - Query result: Not Found
2025-08-17 14:50:59,770 - bqitech - ERROR - Blog post not found with slug: a-guide-to-enterprise-it-consulting
2025-08-17 14:51:09,801 - bqitech - INFO - Received GET /blog/by-slug/a-guide-to-enterprise-it-consulting request
2025-08-17 14:51:09,803 - bqitech - INFO - Searching for blog post with slug: a-guide-to-enterprise-it-consulting
2025-08-17 14:51:10,130 - bqitech - INFO - Query result: Not Found
2025-08-17 14:51:10,131 - bqitech - ERROR - Blog post not found with slug: a-guide-to-enterprise-it-consulting
2025-08-17 14:51:28,942 - bqitech - INFO - Received GET /blog/by-slug/a-guide-to-enterprise-it-consulting request
2025-08-17 14:51:28,942 - bqitech - INFO - Searching for blog post with slug: a-guide-to-enterprise-it-consulting
2025-08-17 14:51:29,058 - bqitech - INFO - Query result: Not Found
2025-08-17 14:51:29,058 - bqitech - ERROR - Blog post not found with slug: a-guide-to-enterprise-it-consulting
2025-08-17 14:54:04,125 - bqitech - INFO - Received GET /blog request
2025-08-17 14:54:04,126 - bqitech - INFO - Query parameters: skip=0, limit=9, category=None
2025-08-17 14:54:04,126 - bqitech - INFO - Request headers: {'host': 'localhost:9000', 'connection': 'keep-alive', 'sec-ch-ua-platform': '"Windows"', 'user-agent': 'Mozilla/5.0 (Windows NT 10.0; Win64; x64) AppleWebKit/537.36 (KHTML, like Gecko) Chrome/139.0.0.0 Safari/537.36', 'sec-ch-ua': '"Not;A=Brand";v="99", "Google Chrome";v="139", "Chromium";v="139"', 'sec-ch-ua-mobile': '?0', 'accept': '*/*', 'origin': 'http://localhost:3000', 'sec-fetch-site': 'same-site', 'sec-fetch-mode': 'cors', 'sec-fetch-dest': 'empty', 'referer': 'http://localhost:3000/', 'accept-encoding': 'gzip, deflate, br, zstd', 'accept-language': 'en-US,en;q=0.9'}
2025-08-17 14:54:04,127 - bqitech - INFO - MongoDB query: {'$or': [{'isPublished': True}, {'published': True}]}
2025-08-17 14:54:04,563 - bqitech - INFO - Found 2 posts out of 2 total
2025-08-17 14:54:04,564 - bqitech - INFO - Successfully prepared response
2025-08-17 14:54:06,468 - bqitech - INFO - Received GET /blog/by-slug/a-guide-to-enterprise-it-consulting request
2025-08-17 14:54:06,469 - bqitech - INFO - Searching for blog post with slug: a-guide-to-enterprise-it-consulting
2025-08-17 14:54:06,613 - bqitech - INFO - Query result: Not Found
2025-08-17 14:54:06,613 - bqitech - ERROR - Blog post not found with slug: a-guide-to-enterprise-it-consulting
2025-08-17 14:54:10,607 - bqitech - INFO - Received GET /blog request
2025-08-17 14:54:10,608 - bqitech - INFO - Query parameters: skip=0, limit=9, category=None
2025-08-17 14:54:10,608 - bqitech - INFO - Request headers: {'host': 'localhost:9000', 'connection': 'keep-alive', 'sec-ch-ua-platform': '"Windows"', 'user-agent': 'Mozilla/5.0 (Windows NT 10.0; Win64; x64) AppleWebKit/537.36 (KHTML, like Gecko) Chrome/139.0.0.0 Safari/537.36', 'sec-ch-ua': '"Not;A=Brand";v="99", "Google Chrome";v="139", "Chromium";v="139"', 'sec-ch-ua-mobile': '?0', 'accept': '*/*', 'origin': 'http://localhost:3000', 'sec-fetch-site': 'same-site', 'sec-fetch-mode': 'cors', 'sec-fetch-dest': 'empty', 'referer': 'http://localhost:3000/', 'accept-encoding': 'gzip, deflate, br, zstd', 'accept-language': 'en-US,en;q=0.9'}
2025-08-17 14:54:10,609 - bqitech - INFO - MongoDB query: {'$or': [{'isPublished': True}, {'published': True}]}
2025-08-17 14:54:11,195 - bqitech - INFO - Found 2 posts out of 2 total
2025-08-17 14:54:11,196 - bqitech - INFO - Successfully prepared response
2025-08-17 14:55:09,255 - bqitech - INFO - Received GET /blog request
2025-08-17 14:55:09,256 - bqitech - INFO - Query parameters: skip=0, limit=9, category=None
2025-08-17 14:55:09,257 - bqitech - INFO - Request headers: {'host': 'localhost:9000', 'connection': 'keep-alive', 'sec-ch-ua-platform': '"Windows"', 'user-agent': 'Mozilla/5.0 (Windows NT 10.0; Win64; x64) AppleWebKit/537.36 (KHTML, like Gecko) Chrome/139.0.0.0 Safari/537.36', 'sec-ch-ua': '"Not;A=Brand";v="99", "Google Chrome";v="139", "Chromium";v="139"', 'sec-ch-ua-mobile': '?0', 'accept': '*/*', 'origin': 'http://localhost:3000', 'sec-fetch-site': 'same-site', 'sec-fetch-mode': 'cors', 'sec-fetch-dest': 'empty', 'referer': 'http://localhost:3000/', 'accept-encoding': 'gzip, deflate, br, zstd', 'accept-language': 'en-US,en;q=0.9'}
2025-08-17 14:55:09,257 - bqitech - INFO - MongoDB query: {'$or': [{'isPublished': True}, {'published': True}]}
2025-08-17 14:55:09,807 - bqitech - INFO - Found 2 posts out of 2 total
2025-08-17 14:55:09,808 - bqitech - INFO - Successfully prepared response
2025-08-17 14:55:12,530 - bqitech - INFO - Received GET /blog request
2025-08-17 14:55:12,531 - bqitech - INFO - Query parameters: skip=0, limit=9, category=None
2025-08-17 14:55:12,531 - bqitech - INFO - Request headers: {'host': 'localhost:9000', 'connection': 'keep-alive', 'sec-ch-ua-platform': '"Windows"', 'user-agent': 'Mozilla/5.0 (Windows NT 10.0; Win64; x64) AppleWebKit/537.36 (KHTML, like Gecko) Chrome/139.0.0.0 Safari/537.36', 'sec-ch-ua': '"Not;A=Brand";v="99", "Google Chrome";v="139", "Chromium";v="139"', 'sec-ch-ua-mobile': '?0', 'accept': '*/*', 'origin': 'http://localhost:3000', 'sec-fetch-site': 'same-site', 'sec-fetch-mode': 'cors', 'sec-fetch-dest': 'empty', 'referer': 'http://localhost:3000/', 'accept-encoding': 'gzip, deflate, br, zstd', 'accept-language': 'en-US,en;q=0.9'}
2025-08-17 14:55:12,532 - bqitech - INFO - MongoDB query: {'$or': [{'isPublished': True}, {'published': True}]}
2025-08-17 14:55:13,170 - bqitech - INFO - Found 2 posts out of 2 total
2025-08-17 14:55:13,170 - bqitech - INFO - Successfully prepared response
2025-08-17 14:55:15,055 - bqitech - INFO - Received GET /blog request
2025-08-17 14:55:15,055 - bqitech - INFO - Query parameters: skip=0, limit=9, category=None
2025-08-17 14:55:15,056 - bqitech - INFO - Request headers: {'host': 'localhost:9000', 'connection': 'keep-alive', 'sec-ch-ua-platform': '"Windows"', 'user-agent': 'Mozilla/5.0 (Windows NT 10.0; Win64; x64) AppleWebKit/537.36 (KHTML, like Gecko) Chrome/139.0.0.0 Safari/537.36', 'sec-ch-ua': '"Not;A=Brand";v="99", "Google Chrome";v="139", "Chromium";v="139"', 'sec-ch-ua-mobile': '?0', 'accept': '*/*', 'origin': 'http://localhost:3000', 'sec-fetch-site': 'same-site', 'sec-fetch-mode': 'cors', 'sec-fetch-dest': 'empty', 'referer': 'http://localhost:3000/', 'accept-encoding': 'gzip, deflate, br, zstd', 'accept-language': 'en-US,en;q=0.9'}
2025-08-17 14:55:15,057 - bqitech - INFO - MongoDB query: {'$or': [{'isPublished': True}, {'published': True}]}
2025-08-17 14:55:15,619 - bqitech - INFO - Found 2 posts out of 2 total
2025-08-17 14:55:15,621 - bqitech - INFO - Successfully prepared response
2025-08-17 14:55:17,122 - bqitech - INFO - Received GET /blog/by-slug/a-guide-to-enterprise-it-consulting request
2025-08-17 14:55:17,123 - bqitech - INFO - Searching for blog post with slug: a-guide-to-enterprise-it-consulting
2025-08-17 14:55:17,245 - bqitech - INFO - Query result: Not Found
2025-08-17 14:55:17,246 - bqitech - ERROR - Blog post not found with slug: a-guide-to-enterprise-it-consulting
2025-08-17 14:57:15,411 - bqitech - INFO - Received GET /blog/by-slug/a-guide-to-enterprise-it-consulting request
2025-08-17 14:57:15,412 - bqitech - INFO - Searching for blog post with slug: a-guide-to-enterprise-it-consulting
2025-08-17 14:57:15,526 - bqitech - INFO - Query result: Not Found
2025-08-17 14:57:15,527 - bqitech - ERROR - Blog post not found with slug: a-guide-to-enterprise-it-consulting
2025-08-17 15:02:45,765 - bqitech - INFO - Received GET /blog/by-slug/a-guide-to-enterprise-it-consulting request
2025-08-17 15:02:45,767 - bqitech - INFO - Searching for blog post with slug: a-guide-to-enterprise-it-consulting
2025-08-17 15:02:46,113 - bqitech - INFO - Query result: Found
2025-08-17 15:02:46,114 - bqitech - INFO - Successfully prepared blog post response for slug: a-guide-to-enterprise-it-consulting
2025-08-17 15:12:12,227 - bqitech - INFO - Received GET /blog/by-slug/a-guide-to-enterprise-it-consulting request
2025-08-17 15:12:12,228 - bqitech - INFO - Searching for blog post with slug: a-guide-to-enterprise-it-consulting
2025-08-17 15:12:12,650 - bqitech - INFO - Query result: Found
2025-08-17 15:12:12,651 - bqitech - INFO - Successfully prepared blog post response for slug: a-guide-to-enterprise-it-consulting
2025-08-17 15:12:53,082 - bqitech - INFO - Received GET /blog/by-slug/a-guide-to-enterprise-it-consulting request
2025-08-17 15:12:53,083 - bqitech - INFO - Searching for blog post with slug: a-guide-to-enterprise-it-consulting
2025-08-17 15:12:53,490 - bqitech - INFO - Query result: Found
2025-08-17 15:12:53,491 - bqitech - INFO - Successfully prepared blog post response for slug: a-guide-to-enterprise-it-consulting
